============================= test session starts =============================
platform win32 -- Python 3.14.2, pytest-8.3.4, pluggy-1.6.0
rootdir: C:\Users\Aryan\OneDrive\Desktop\ScolarGrid
configfile: pytest.ini
plugins: anyio-4.12.1, hypothesis-6.122.3, asyncio-0.24.0, cov-6.0.0
asyncio: mode=Mode.AUTO, default_loop_scope=function
collected 317 items

tests\test_ai_chatbot_models.py ..................                       [  5%]
tests\test_ai_chatbot_properties.py ....                                 [  6%]
tests\test_api_documentation.py ...............                          [ 11%]
tests\test_auth_properties.py ....                                       [ 12%]
tests\test_authorization_properties.py ..........                        [ 16%]
tests\test_cascade_properties.py ......                                  [ 17%]
tests\test_chat_models.py ....................                           [ 24%]
tests\test_chat_properties.py .....                                      [ 25%]
tests\test_complaint_models.py ..............                            [ 30%]
tests\test_complaint_properties.py .............                         [ 34%]
tests\test_config.py ........                                            [ 36%]
tests\test_config_validation.py ...                                      [ 37%]
tests\test_database.py .....                                             [ 39%]
tests\test_download_model.py ........                                    [ 41%]
tests\test_firebase_service.py .................
